2026-10-09 11:10:37 [scrapy.middleware] INFO: Enabled downloader middlewares:
['scrapy.downloadermiddlewares.offsite.OffsiteMiddleware',
 'scrapy.downloadermiddlewares.httpauth.HttpAuthMiddleware',
 'scrapy.downloadermiddlewares.downloadtimeout.DownloadTimeoutMiddleware',
 'scrapy.downloadermiddlewares.defaultheaders.DefaultHeadersMiddleware',
 'NodeScrapy.middlewares.RandomUserAgentMiddleware',
 'scrapy.downloadermiddlewares.useragent.UserAgentMiddleware',
 'scrapy.downloadermiddlewares.retry.RetryMiddleware',
 'scrapy.downloadermiddlewares.redirect.MetaRefreshMiddleware',
 'scrapy.downloadermiddlewares.httpcompression.HttpCompressionMiddleware',
 'scrapy.downloadermiddlewares.redirect.RedirectMiddleware',
 'scrapy.downloadermiddlewares.cookies.CookiesMiddleware',
 'scrapy.downloadermiddlewares.httpproxy.HttpProxyMiddleware',
 'scrapy.downloadermiddlewares.stats.DownloaderStats']
2026-10-09 11:10:37 [py.warnings] WARNING: /opt/hostedtoolcache/Python/3.12.15/x64/lib/python3.12/site-packages/scrapy/core/downloader/middleware.py:46: ScrapyDeprecationWarning: RandomUserAgentMiddleware.process_request() requires a spider argument, this is deprecated and the argument will not be passed in future Scrapy versions. If you need to access the spider instance you can save the crawler instance passed to from_crawler() and use its spider attribute.
  self._check_mw_method_spider_arg(mw.process_request)

2026-10-09 11:10:37 [scrapy.middleware] INFO: Enabled spider middlewares:
['scrapy.spidermiddlewares.start.StartSpiderMiddleware',
 'scrapy.spidermiddlewares.httperror.HttpErrorMiddleware',
 'scrapy.spidermiddlewares.referer.RefererMiddleware',
 'scrapy.spidermiddlewares.urllength.UrlLengthMiddleware',
 'scrapy.spidermiddlewares.depth.DepthMiddleware',
 'scrapy.spidermiddlewares.metacopy.MetaCopyDetectionMiddleware']
2026-10-09 11:10:37 [scrapy.middleware] INFO: Enabled item pipelines:
['NodeScrapy.pipelines.Pipeline']
2026-10-09 11:10:37 [py.warnings] WARNING: /opt/hostedtoolcache/Python/3.12.15/x64/lib/python3.12/site-packages/scrapy/pipelines/__init__.py:60: ScrapyDeprecationWarning: Pipeline.open_spider() requires a spider argument, this is deprecated and the argument will not be passed in future Scrapy versions. If you need to access the spider instance you can save the crawler instance passed to from_crawler() and use its spider attribute.
  self._check_mw_method_spider_arg(mw.open_spider)

2026-10-09 11:10:37 [py.warnings] WARNING: /opt/hostedtoolcache/Python/3.12.15/x64/lib/python3.12/site-packages/scrapy/pipelines/__init__.py:63: ScrapyDeprecationWarning: Pipeline.close_spider() requires a spider argument, this is deprecated and the argument will not be passed in future Scrapy versions. If you need to access the spider instance you can save the crawler instance passed to from_crawler() and use its spider attribute.
  self._check_mw_method_spider_arg(mw.close_spider)

2026-10-09 11:10:37 [py.warnings] WARNING: /opt/hostedtoolcache/Python/3.12.15/x64/lib/python3.12/site-packages/scrapy/pipelines/__init__.py:66: ScrapyDeprecationWarning: Pipeline.process_item() requires a spider argument, this is deprecated and the argument will not be passed in future Scrapy versions. If you need to access the spider instance you can save the crawler instance passed to from_crawler() and use its spider attribute.
  self._check_mw_method_spider_arg(mw.process_item)

2026-10-09 11:10:37 [scrapy.core.engine] INFO: Spider opened
2026-10-09 11:10:37 [scrapy.extensions.logstats] INFO: Crawled 0 pages (at 0 pages/min), scraped 0 items (at 0 items/min)
2026-10-09 11:10:37 [scrapy.extensions.telnet] INFO: Telnet console listening on 127.0.0.1:6023
2026-10-09 11:10:37 [scrapy.extensions.remote_control] INFO: Remote control HTTP server listening on port 34953 (job 2473-29d8762e06d74a96baa7400b4e171112)
2026-10-09 11:10:37 [scrapy.core.engine] INFO: Closing spider (finished)
2026-10-09 11:10:37 [scrapy.statscollectors] INFO: Dumping Scrapy stats:
{'elapsed_time_seconds': 0.003272041000002446,
 'finish_reason': 'finished',
 'finish_time': datetime.datetime(2026, 10, 9, 11, 10, 37, 853681, tzinfo=datetime.timezone.utc),
 'items_per_minute': None,
 'log_count/INFO': 4,
 'memusage/max': 194150400,
 'memusage/startup': 194150400,
 'responses_per_minute': None,
 'start_time': datetime.datetime(2026, 10, 9, 11, 10, 37, 850407, tzinfo=datetime.timezone.utc)}
2026-10-09 11:10:37 [scrapy.core.engine] INFO: Spider closed (finished)
2026-10-09 11:10:40 [scrapy.addons] INFO: Enabled addons:
[]
2026-10-09 11:10:40 [scrapy.extensions.telnet] INFO: Telnet Password: 89811ccedddbbf90
2026-10-09 11:10:40 [scrapy.middleware] INFO: Enabled extensions:
['scrapy.extensions.corestats.CoreStats',
 'scrapy.extensions.logcount.LogCount',
 'scrapy.extensions.telnet.TelnetConsole',
 'scrapy.extensions.memusage.MemoryUsage',
 'scrapy.extensions.logstats.LogStats',
 'scrapy.extensions.remote_control.RemoteControl']
2026-10-09 11:10:40 [scrapy.crawler] INFO: Overridden settings:
{'BOT_NAME': 'NodeScrapy',
 'FEED_EXPORT_ENCODING': 'utf-8',
 'LOG_FILE': 'scrapy.log',
 'LOG_LEVEL': 'INFO',
 'NEWSPIDER_MODULE': 'NodeScrapy.spiders',
 'SPIDER_MODULES': ['NodeScrapy.spiders']}
2026-10-09 11:10:41 [scrapy.middleware] INFO: Enabled downloader middlewares:
['scrapy.downloadermiddlewares.offsite.OffsiteMiddleware',
 'scrapy.downloadermiddlewares.httpauth.HttpAuthMiddleware',
 'scrapy.downloadermiddlewares.downloadtimeout.DownloadTimeoutMiddleware',
 'scrapy.downloadermiddlewares.defaultheaders.DefaultHeadersMiddleware',
 'NodeScrapy.middlewares.RandomUserAgentMiddleware',
 'scrapy.downloadermiddlewares.useragent.UserAgentMiddleware',
 'scrapy.downloadermiddlewares.retry.RetryMiddleware',
 'scrapy.downloadermiddlewares.redirect.MetaRefreshMiddleware',
 'scrapy.downloadermiddlewares.httpcompression.HttpCompressionMiddleware',
 'scrapy.downloadermiddlewares.redirect.RedirectMiddleware',
 'scrapy.downloadermiddlewares.cookies.CookiesMiddleware',
 'scrapy.downloadermiddlewares.httpproxy.HttpProxyMiddleware',
 'scrapy.downloadermiddlewares.stats.DownloaderStats']
2026-10-09 11:10:41 [py.warnings] WARNING: /opt/hostedtoolcache/Python/3.12.15/x64/lib/python3.12/site-packages/scrapy/core/downloader/middleware.py:46: ScrapyDeprecationWarning: RandomUserAgentMiddleware.process_request() requires a spider argument, this is deprecated and the argument will not be passed in future Scrapy versions. If you need to access the spider instance you can save the crawler instance passed to from_crawler() and use its spider attribute.
  self._check_mw_method_spider_arg(mw.process_request)

2026-10-09 11:10:41 [scrapy.middleware] INFO: Enabled spider middlewares:
['scrapy.spidermiddlewares.start.StartSpiderMiddleware',
 'scrapy.spidermiddlewares.httperror.HttpErrorMiddleware',
 'scrapy.spidermiddlewares.referer.RefererMiddleware',
 'scrapy.spidermiddlewares.urllength.UrlLengthMiddleware',
 'scrapy.spidermiddlewares.depth.DepthMiddleware',
 'scrapy.spidermiddlewares.metacopy.MetaCopyDetectionMiddleware']
2026-10-09 11:10:41 [scrapy.middleware] INFO: Enabled item pipelines:
['NodeScrapy.pipelines.Pipeline']
2026-10-09 11:10:41 [py.warnings] WARNING: /opt/hostedtoolcache/Python/3.12.15/x64/lib/python3.12/site-packages/scrapy/pipelines/__init__.py:60: ScrapyDeprecationWarning: Pipeline.open_spider() requires a spider argument, this is deprecated and the argument will not be passed in future Scrapy versions. If you need to access the spider instance you can save the crawler instance passed to from_crawler() and use its spider attribute.
  self._check_mw_method_spider_arg(mw.open_spider)

2026-10-09 11:10:41 [py.warnings] WARNING: /opt/hostedtoolcache/Python/3.12.15/x64/lib/python3.12/site-packages/scrapy/pipelines/__init__.py:63: ScrapyDeprecationWarning: Pipeline.close_spider() requires a spider argument, this is deprecated and the argument will not be passed in future Scrapy versions. If you need to access the spider instance you can save the crawler instance passed to from_crawler() and use its spider attribute.
  self._check_mw_method_spider_arg(mw.close_spider)

2026-10-09 11:10:41 [py.warnings] WARNING: /opt/hostedtoolcache/Python/3.12.15/x64/lib/python3.12/site-packages/scrapy/pipelines/__init__.py:66: ScrapyDeprecationWarning: Pipeline.process_item() requires a spider argument, this is deprecated and the argument will not be passed in future Scrapy versions. If you need to access the spider instance you can save the crawler instance passed to from_crawler() and use its spider attribute.
  self._check_mw_method_spider_arg(mw.process_item)

2026-10-09 11:10:41 [scrapy.core.engine] INFO: Spider opened
2026-10-09 11:10:41 [scrapy.extensions.logstats] INFO: Crawled 0 pages (at 0 pages/min), scraped 0 items (at 0 items/min)
2026-10-09 11:10:41 [scrapy.extensions.telnet] INFO: Telnet console listening on 127.0.0.1:6023
2026-10-09 11:10:41 [scrapy.extensions.remote_control] INFO: Remote control HTTP server listening on port 37259 (job 2485-c5e0dd25f93e4dbaa8bfa3a1e2b1be5e)
2026-10-09 11:10:41 [scrapy.core.engine] INFO: Closing spider (finished)
2026-10-09 11:10:41 [scrapy.statscollectors] INFO: Dumping Scrapy stats:
{'elapsed_time_seconds': 0.09290581399997677,
 'finish_reason': 'finished',
 'finish_time': datetime.datetime(2026, 10, 9, 11, 10, 41, 316358, tzinfo=datetime.timezone.utc),
 'items_per_minute': None,
 'log_count/INFO': 4,
 'memusage/max': 193757184,
 'memusage/startup': 193757184,
 'responses_per_minute': None,
 'start_time': datetime.datetime(2026, 10, 9, 11, 10, 41, 223453, tzinfo=datetime.timezone.utc)}
2026-10-09 11:10:41 [scrapy.core.engine] INFO: Spider closed (finished)
